Problème de fichier : Lecture du fichier Log. Arrêt.
