Problème d'option : Heure demandee invalide. Arrêt.
