Liste des 1 cible(s) les plus visitÃ©es :
1. "/page4.html" avec 1 visites.
Fini.
