Problème d'option : Option invalide : "-z". Arrêt.
