Problème d'option : Syntaxe d'appel incorrecte. Arrêt.
