Problème de fichier : Ecriture impossible du GraphViz. Arrêt.
