Liste des 7 cible(s) les plus visit√©es :
1. "/page2.html" avec 3 visites.
2. "/page3.html" avec 2 visites.
3. "/image.jpg" avec 2 visites.
4. "/page1.html" avec 1 visites.
5. "/pageTest.html" avec 1 visites.
6. "/accueuil.html" avec 1 visites.
7. "/page4.html" avec 1 visites.
Fini.
