Problème d'option : Restriction en double. Arrêt.
